// Jest Snapshot v1, https://goo.gl/fbAQLP

exports[`renders correctly 1`] = `
<View
  accessible={false}
  onLayout={[Function]}
  onPress={[Function]}
  onResponderGrant={[Function]}
  onResponderMove={[Function]}
  onResponderRelease={[Function]}
  onResponderTerminate={[Function]}
  onResponderTerminationRequest={[Function]}
  onStartShouldSetResponder={[Function]}
  style={
    Object {
      "alignItems": "center",
      "flex": 1,
      "justifyContent": "center",
      "margin": 10,
    }
  }
>
  <TextInput
    allowFontScaling={true}
    onChangeText={[Function]}
    placeholder="Username"
    rejectResponderTermination={true}
    style={
      Object {
        "borderColor": "gray",
        "borderWidth": 1,
        "height": 44,
        "marginBottom": 10,
        "padding": 10,
        "width": 300,
      }
    }
    underlineColorAndroid="transparent"
    value=""
  />
  <TextInput
    allowFontScaling={true}
    onChangeText={[Function]}
    placeholder="Password"
    rejectResponderTermination={true}
    secureTextEntry={true}
    style={
      Object {
        "borderColor": "gray",
        "borderWidth": 1,
        "height": 44,
        "marginBottom": 10,
        "padding": 10,
        "width": 300,
      }
    }
    underlineColorAndroid="transparent"
    value=""
  />
  <TextInput
    allowFontScaling={true}
    onChangeText={[Function]}
    placeholder="Please repeat your password"
    rejectResponderTermination={true}
    secureTextEntry={true}
    style={
      Object {
        "borderColor": "gray",
        "borderWidth": 1,
        "height": 44,
        "marginBottom": 10,
        "padding": 10,
        "width": 300,
      }
    }
    underlineColorAndroid="transparent"
    value=""
  />
  <Text
    style={
      Object {
        "color": "red",
        "marginBottom": 10,
      }
    }
  >
    
  </Text>
  <View
    accessibilityRole="button"
    accessibilityStates={Array []}
    accessible={true}
    isTVSelectable={true}
    onResponderGrant={[Function]}
    onResponderMove={[Function]}
    onResponderRelease={[Function]}
    onResponderTerminate={[Function]}
    onResponderTerminationRequest={[Function]}
    onStartShouldSetResponder={[Function]}
    style={
      Object {
        "opacity": 1,
      }
    }
  >
    <View
      style={
        Array [
          Object {},
        ]
      }
    >
      <Text
        style={
          Array [
            Object {
              "color": "#007AFF",
              "fontSize": 18,
              "padding": 8,
              "textAlign": "center",
            },
          ]
        }
      >
        Create account
      </Text>
    </View>
  </View>
  <Modal
    animationType="slide"
    hardwareAccelerated={false}
    onRequestClose={[Function]}
    visible={false}
  >
    <View
      style={
        Object {
          "alignItems": "center",
          "flex": 1,
          "justifyContent": "center",
          "margin": 10,
        }
      }
    >
      <Text>
        You successfully created an account
      </Text>
      <View
        accessibilityRole="button"
        accessibilityStates={Array []}
        accessible={true}
        isTVSelectable={true}
        onResponderGrant={[Function]}
        onResponderMove={[Function]}
        onResponderRelease={[Function]}
        onResponderTerminate={[Function]}
        onResponderTerminationRequest={[Function]}
        onStartShouldSetResponder={[Function]}
        style={
          Object {
            "opacity": 1,
          }
        }
      >
        <View
          style={
            Array [
              Object {},
            ]
          }
        >
          <Text
            style={
              Array [
                Object {
                  "color": "#007AFF",
                  "fontSize": 18,
                  "padding": 8,
                  "textAlign": "center",
                },
              ]
            }
          >
            Back to login
          </Text>
        </View>
      </View>
    </View>
  </Modal>
</View>
`;
